device mps; dev 10722 images; out /Users/smitpatel/Desktop/DIP Project/results/phase8
  [select_R_s42] loaded 8828 train / 1894 val ELA images (3s)
  [select_R_s42] epoch  1 loss 0.7739 val AUC mean 0.727 max 0.737 (124s)
  [select_R_s42] epoch  2 loss 0.7003 val AUC mean 0.726 max 0.734 (138s)
  [select_R_s42] epoch  3 loss 0.6748 val AUC mean 0.740 max 0.746 (142s)
  [select_R_s42] epoch  4 loss 0.6357 val AUC mean 0.724 max 0.729 (146s)
  [select_R_s42] epoch  5 loss 0.5907 val AUC mean 0.701 max 0.706 (198s)
  [select_R_s42] epoch  6 loss 0.5425 val AUC mean 0.692 max 0.715 (306s)
  [select_R_s42] epoch  7 loss 0.4978 val AUC mean 0.736 max 0.743 (276s)
  [select_B_s42] loaded 8828 train / 1894 val ELA images (12s)
  [select_B_s42] epoch  1 loss 0.7749 val AUC mean 0.735 max 0.750 (304s)
  [select_B_s42] epoch  2 loss 0.7154 val AUC mean 0.774 max 0.774 (221s)
  [select_B_s42] epoch  3 loss 0.6944 val AUC mean 0.776 max 0.773 (182s)
  [select_B_s42] epoch  4 loss 0.6742 val AUC mean 0.782 max 0.783 (178s)
  [select_B_s42] epoch  5 loss 0.6637 val AUC mean 0.752 max 0.755 (177s)
  [select_B_s42] epoch  6 loss 0.6416 val AUC mean 0.784 max 0.785 (177s)
  [select_B_s42] epoch  7 loss 0.6286 val AUC mean 0.785 max 0.784 (176s)
  [select_B_s42] epoch  8 loss 0.6074 val AUC mean 0.797 max 0.788 (183s)
  [select_B_s42] epoch  9 loss 0.5813 val AUC mean 0.792 max 0.785 (176s)
  [select_B_s42] epoch 10 loss 0.5509 val AUC mean 0.782 max 0.785 (176s)
  [select_B_s42] epoch 11 loss 0.5265 val AUC mean 0.796 max 0.791 (176s)
  [select_B_s42] epoch 12 loss 0.5185 val AUC mean 0.795 max 0.793 (179s)
  [select_A_s42] loaded 8828 train / 1894 val ELA images (6s)
  [select_A_s42] epoch  1 loss 0.3307 val AUC mean 0.964 max 0.967 (188s)
  [select_A_s42] epoch  2 loss 0.2463 val AUC mean 0.951 max 0.969 (182s)
  [select_A_s42] epoch  3 loss 0.2240 val AUC mean 0.983 max 0.982 (179s)
  [select_A_s42] epoch  4 loss 0.2010 val AUC mean 0.981 max 0.970 (178s)
  [select_A_s42] epoch  5 loss 0.1865 val AUC mean 0.959 max 0.941 (180s)
  [select_A_s42] epoch  6 loss 0.1743 val AUC mean 0.988 max 0.983 (196s)
  [select_A_s42] epoch  7 loss 0.1731 val AUC mean 0.990 max 0.983 (202s)
  [select_A_s42] epoch  8 loss 0.1561 val AUC mean 0.988 max 0.982 (183s)
  [select_A_s42] epoch  9 loss 0.1503 val AUC mean 0.992 max 0.988 (184s)
  [select_A_s42] epoch 10 loss 0.1443 val AUC mean 0.992 max 0.979 (176s)
  [select_A_s42] epoch 11 loss 0.1368 val AUC mean 0.990 max 0.990 (176s)
  [select_A_s42] epoch 12 loss 0.1320 val AUC mean 0.994 max 0.990 (176s)
  [select_A_s42] epoch 13 loss 0.1208 val AUC mean 0.993 max 0.992 (185s)
  [select_A_s42] epoch 14 loss 0.1207 val AUC mean 0.993 max 0.992 (176s)
  [select_A_s42] epoch 15 loss 0.1174 val AUC mean 0.993 max 0.992 (180s)
  [select_R_s43] loaded 8828 train / 1894 val ELA images (4s)
  [select_R_s43] epoch  1 loss 0.7696 val AUC mean 0.696 max 0.715 (165s)
  [select_R_s43] epoch  2 loss 0.7018 val AUC mean 0.730 max 0.744 (171s)
  [select_R_s43] epoch  3 loss 0.6617 val AUC mean 0.754 max 0.762 (171s)
  [select_R_s43] epoch  4 loss 0.6293 val AUC mean 0.751 max 0.757 (157s)
  [select_R_s43] epoch  5 loss 0.5849 val AUC mean 0.712 max 0.722 (157s)
  [select_R_s43] epoch  6 loss 0.5442 val AUC mean 0.727 max 0.737 (139s)
  [select_R_s43] epoch  7 loss 0.4993 val AUC mean 0.748 max 0.753 (148s)
  [select_R_s44] loaded 8828 train / 1894 val ELA images (4s)
  [select_R_s44] epoch  1 loss 0.7812 val AUC mean 0.720 max 0.735 (153s)
  [select_R_s44] epoch  2 loss 0.6941 val AUC mean 0.745 max 0.752 (157s)
  [select_R_s44] epoch  3 loss 0.6618 val AUC mean 0.716 max 0.729 (154s)
  [select_R_s44] epoch  4 loss 0.6203 val AUC mean 0.737 max 0.751 (153s)
  [select_R_s44] epoch  5 loss 0.5817 val AUC mean 0.722 max 0.735 (150s)
  [select_R_s44] epoch  6 loss 0.5480 val AUC mean 0.738 max 0.745 (148s)
protocol  seed  epoch aggregator  val_auc  epochs_run
       R    42      3        max 0.746140           7
       B    42      8       mean 0.797245          12
       A    42     12       mean 0.993724          15
       R    43      3        max 0.761564           7
       R    44      2        max 0.752438           6
device mps; dev 10722 images; out /Users/smitpatel/Desktop/DIP Project/results/phase8
  [refit_R_e3] loaded 10722 train / 0 val ELA images (2s)
  [refit_R_e3] epoch  1 loss 0.7710 (161s)
  [refit_R_e3] epoch  2 loss 0.6998 (158s)
  [refit_R_e3] epoch  3 loss 0.6744 (160s)
  refit R: 3 epochs, pooling max -> cnn_R.pt
  [refit_B_e8] loaded 10722 train / 0 val ELA images (5s)
  [refit_B_e8] epoch  1 loss 0.7655 (160s)
  [refit_B_e8] epoch  2 loss 0.7156 (161s)
  [refit_B_e8] epoch  3 loss 0.6903 (160s)
  [refit_B_e8] epoch  4 loss 0.6782 (161s)
  [refit_B_e8] epoch  5 loss 0.6633 (161s)
  [refit_B_e8] epoch  6 loss 0.6391 (162s)
  [refit_B_e8] epoch  7 loss 0.6256 (161s)
  [refit_B_e8] epoch  8 loss 0.6050 (164s)
  refit B: 8 epochs, pooling mean -> cnn_B.pt
  [refit_A_e12] loaded 10722 train / 0 val ELA images (5s)
  [refit_A_e12] epoch  1 loss 0.3272 (171s)
  [refit_A_e12] epoch  2 loss 0.2426 (161s)
  [refit_A_e12] epoch  3 loss 0.2191 (162s)
  [refit_A_e12] epoch  4 loss 0.2000 (161s)
  [refit_A_e12] epoch  5 loss 0.1847 (162s)
  [refit_A_e12] epoch  6 loss 0.1668 (163s)
  [refit_A_e12] epoch  7 loss 0.1672 (163s)
  [refit_A_e12] epoch  8 loss 0.1512 (162s)
  [refit_A_e12] epoch  9 loss 0.1451 (162s)
  [refit_A_e12] epoch 10 loss 0.1358 (163s)
  [refit_A_e12] epoch 11 loss 0.1288 (163s)
  [refit_A_e12] epoch 12 loss 0.1247 (165s)
  refit A: 12 epochs, pooling mean -> cnn_A.pt
EXIT=0
